// Jest Snapshot v1, https://goo.gl/fbAQLP

exports[`LoginScreen renders correctly 1`] = `
<View
  onLayout={[Function]}
  style={
    [
      {
        "flex": 1,
      },
      {
        "paddingBottom": 0,
      },
    ]
  }
>
  <RCTScrollView
    contentContainerStyle={
      {
        "backgroundColor": "#f8f9fa",
        "flexGrow": 1,
        "justifyContent": "center",
        "padding": 20,
      }
    }
    keyboardShouldPersistTaps="handled"
  >
    <View>
      <View
        style={
          {
            "alignItems": "center",
            "marginBottom": 30,
          }
        }
      >
        <Text
          style={
            {
              "color": "#212529",
              "fontSize": 28,
              "fontWeight": "bold",
              "marginBottom": 8,
            }
          }
        >
          Welcome Back
        </Text>
        <Text
          style={
            {
              "color": "#6c757d",
              "fontSize": 16,
              "textAlign": "center",
            }
          }
        >
          Sign in to your account
        </Text>
      </View>
      <View
        style={
          {
            "backgroundColor": "#ffffff",
            "borderColor": "#e1e8ee",
            "borderRadius": 12,
            "borderWidth": 0,
            "elevation": 3,
            "margin": 15,
            "marginBottom": 20,
            "padding": 15,
            "shadowColor": "#000",
            "shadowOffset": {
              "height": 2,
              "width": 0,
            },
            "shadowOpacity": 0.1,
            "shadowRadius": 8,
          }
        }
      >
        <View
          style={
            {
              "backgroundColor": "transparent",
            }
          }
        >
          <View
            style={
              {
                "marginBottom": 20,
                "paddingHorizontal": 0,
                "width": "100%",
              }
            }
          >
            <Text
              style={
                {
                  "color": "#86939e",
                  "fontSize": 16,
                  "fontWeight": "bold",
                }
              }
            >
              Email
            </Text>
            <View
              collapsable={false}
              style={
                {
                  "alignItems": "center",
                  "borderBottomWidth": 1,
                  "borderColor": "#86939e",
                  "flexDirection": "row",
                  "transform": [
                    {
                      "translateX": 0,
                    },
                  ],
                }
              }
            >
              <TextInput
                autoCapitalize="none"
                editable={true}
                keyboardType="email-address"
                onChangeText={[Function]}
                placeholder="Enter your email"
                placeholderTextColor="#86939e"
                style={
                  {
                    "color": "#242424",
                    "flex": 1,
                    "fontSize": 18,
                    "minHeight": 40,
                  }
                }
                testID="RNE__Input__text-input"
                underlineColorAndroid="transparent"
                value=""
              />
            </View>
            <Text
              style={
                {
                  "color": "#ff190c",
                  "fontSize": 12,
                  "margin": 5,
                }
              }
            />
          </View>
          <View
            style={
              {
                "marginBottom": 20,
                "paddingHorizontal": 0,
                "width": "100%",
              }
            }
          >
            <Text
              style={
                {
                  "color": "#86939e",
                  "fontSize": 16,
                  "fontWeight": "bold",
                }
              }
            >
              Password
            </Text>
            <View
              collapsable={false}
              style={
                {
                  "alignItems": "center",
                  "borderBottomWidth": 1,
                  "borderColor": "#86939e",
                  "flexDirection": "row",
                  "transform": [
                    {
                      "translateX": 0,
                    },
                  ],
                }
              }
            >
              <TextInput
                editable={true}
                onChangeText={[Function]}
                placeholder="Enter your password"
                placeholderTextColor="#86939e"
                secureTextEntry={true}
                style={
                  {
                    "color": "#242424",
                    "flex": 1,
                    "fontSize": 18,
                    "minHeight": 40,
                  }
                }
                testID="RNE__Input__text-input"
                underlineColorAndroid="transparent"
                value=""
              />
            </View>
            <Text
              style={
                {
                  "color": "#ff190c",
                  "fontSize": 12,
                  "margin": 5,
                }
              }
            />
          </View>
          <View
            style={
              [
                {
                  "borderRadius": 3,
                  "overflow": "hidden",
                },
                {
                  "borderRadius": 3,
                },
                {
                  "marginTop": 10,
                },
                false,
              ]
            }
          >
            <View
              accessibilityRole="button"
              accessibilityState={
                {
                  "busy": false,
                  "checked": undefined,
                  "disabled": false,
                  "expanded": undefined,
                  "selected": undefined,
                }
              }
              accessibilityValue={
                {
                  "max": undefined,
                  "min": undefined,
                  "now": undefined,
                  "text": undefined,
                }
              }
              accessible={true}
              collapsable={false}
              focusable={true}
              onClick={[Function]}
              onResponderGrant={[Function]}
              onResponderMove={[Function]}
              onResponderRelease={[Function]}
              onResponderTerminate={[Function]}
              onResponderTerminationRequest={[Function]}
              onStartShouldSetResponder={[Function]}
              style={
                {
                  "opacity": 1,
                }
              }
            >
              <View
                style={
                  {
                    "alignItems": "center",
                    "backgroundColor": "#007bff",
                    "borderColor": "#2089dc",
                    "borderRadius": 8,
                    "borderWidth": 0,
                    "flexDirection": "row",
                    "justifyContent": "center",
                    "padding": 8,
                    "paddingVertical": 12,
                  }
                }
              >
                <Text
                  style={
                    {
                      "color": "white",
                      "fontSize": 18,
                      "paddingVertical": 1,
                      "textAlign": "center",
                    }
                  }
                >
                  Sign In
                </Text>
              </View>
            </View>
          </View>
        </View>
      </View>
      <View
        style={
          {
            "backgroundColor": "#e9ecef",
            "borderColor": "#e1e8ee",
            "borderRadius": 12,
            "borderWidth": 0,
            "margin": 15,
            "marginBottom": 20,
            "padding": 15,
            "shadowColor": "rgba(0,0,0, .2)",
            "shadowOffset": {
              "height": 0,
              "width": 0,
            },
            "shadowOpacity": 1,
            "shadowRadius": 1,
          }
        }
      >
        <View
          style={
            {
              "backgroundColor": "transparent",
            }
          }
        >
          <View
            style={
              {
                "alignItems": "center",
                "flexDirection": "row",
                "justifyContent": "center",
                "paddingVertical": 12,
              }
            }
          >
            <Text
              style={
                {
                  "color": "#495057",
                  "fontSize": 16,
                  "marginRight": 8,
                }
              }
            >
              Don't have an account?
            </Text>
            <View
              style={
                [
                  {
                    "borderRadius": 3,
                    "overflow": "hidden",
                  },
                  {
                    "borderRadius": 3,
                  },
                  undefined,
                  false,
                ]
              }
            >
              <View
                accessibilityRole="button"
                accessibilityState={
                  {
                    "busy": false,
                    "checked": undefined,
                    "disabled": false,
                    "expanded": undefined,
                    "selected": undefined,
                  }
                }
                accessibilityValue={
                  {
                    "max": undefined,
                    "min": undefined,
                    "now": undefined,
                    "text": undefined,
                  }
                }
                accessible={true}
                collapsable={false}
                focusable={true}
                onClick={[Function]}
                onResponderGrant={[Function]}
                onResponderMove={[Function]}
                onResponderRelease={[Function]}
                onResponderTerminate={[Function]}
                onResponderTerminationRequest={[Function]}
                onStartShouldSetResponder={[Function]}
                style={
                  {
                    "opacity": 1,
                  }
                }
              >
                <View
                  style={
                    {
                      "alignItems": "center",
                      "backgroundColor": "transparent",
                      "borderColor": "#2089dc",
                      "borderRadius": 3,
                      "borderWidth": 0,
                      "flexDirection": "row",
                      "justifyContent": "center",
                      "padding": 8,
                    }
                  }
                >
                  <Text
                    style={
                      {
                        "color": "#007bff",
                        "fontSize": 18,
                        "fontWeight": "600",
                        "paddingVertical": 1,
                        "textAlign": "center",
                      }
                    }
                  >
                    Sign up
                  </Text>
                </View>
              </View>
            </View>
          </View>
        </View>
      </View>
    </View>
  </RCTScrollView>
</View>
`;
